// Jest Snapshot v1, https://goo.gl/fbAQLP

exports[`matching a snapshot of ElectronicGO 1`] = `
<div>
  <div
    className="sc-eilVRo bGduNt"
  >
    <h3>
      Molecular Function (
      0
      )
    </h3>
  </div>
  <div
    className="wrapper"
  />
  <br />
  <div
    className="sc-eilVRo bGduNt"
  >
    <h3>
      Biological Process (
      0
      )
    </h3>
  </div>
  <div
    className="wrapper"
  />
  <br />
  <div
    className="sc-eilVRo bGduNt"
  >
    <h3>
      Cellular Composition (
      0
      )
    </h3>
  </div>
  <div
    className="wrapper"
  />
</div>
`;
