// Jest Snapshot v1, https://goo.gl/fbAQLP

exports[`matching a snapshot of ExperimentalGO 1`] = `
<div>
  <div
    className="sc-eilVRo bGduNt"
  >
    <h3>
      Molecular Function
    </h3>
  </div>
  <div
    className="wrapper"
  />
  <br />
  <div
    className="sc-eilVRo bGduNt"
  >
    <h3>
      Biological Process
    </h3>
  </div>
  <div
    className="wrapper"
  />
  <br />
  <div
    className="sc-eilVRo bGduNt"
  >
    <h3>
      Cellular Composition
    </h3>
  </div>
  <div
    className="wrapper"
  />
</div>
`;
