// Jest Snapshot v1, https://goo.gl/fbAQLP

exports[`matching a snapshot of ManualGO 1`] = `
<div
  className="sc-eilVRo fSGauw"
>
  <div
    className="sc-eerKOB kCQXGC"
  >
    <h3>
      Molecular Function
    </h3>
  </div>
  <div
    className="wrapper"
  />
  <br />
  <div
    className="sc-eerKOB kCQXGC"
  >
    <h3>
      Biological Process
    </h3>
  </div>
  <div
    className="wrapper"
  />
  <br />
  <div
    className="sc-eerKOB kCQXGC"
  >
    <h3>
      Cellular Composition
    </h3>
  </div>
  <div
    className="wrapper"
  />
</div>
`;
