// Jest Snapshot v1, https://goo.gl/fbAQLP

exports[`matching a snapshot of Summary/Panels/GoaPanel 1`] = `
<div
  className="MuiPaper-root-6 MuiPaper-elevation2-10 MuiPaper-rounded-7 GoaPanel-root-1"
>
  <table
    className="MuiTable-root-33 GoaPanel-table-2"
  >
    <tbody
      className="MuiTableBody-root-34"
    >
      <tr
        className="MuiTableRow-root-35"
      >
        <th
          aria-sort={null}
          className="MuiTableCell-root-40 MuiTableCell-body-42 GoaPanel-tableLeftData-3"
          scope="row"
        >
          Molecular Function
        </th>
        <td
          aria-sort={null}
          className="MuiTableCell-root-40 MuiTableCell-body-42 GoaPanel-tableRightData-4"
          scope={undefined}
        >
          <span>
            protein binding
            <span>
               
              <em>
                with
              </em>
               
              <a
                className="GoaPanel-link-5"
                href="https://www.uniprot.org/uniprot/Q54HG2"
                target="_blank"
              >
                UniProtKB:Q54HG2
              </a>
            </span>
             
            (
            IPI
            )
          </span>
          <br />
        </td>
      </tr>
      <tr
        className="MuiTableRow-root-35"
      >
        <th
          aria-sort={null}
          className="MuiTableCell-root-40 MuiTableCell-body-42 GoaPanel-tableLeftData-3"
          scope="row"
        >
          Biological Process
        </th>
        <td
          aria-sort={null}
          className="MuiTableCell-root-40 MuiTableCell-body-42 GoaPanel-tableRightData-4"
          scope={undefined}
        >
          <span>
            mitotic cytokinesis
             
            (
            IMP
            )
          </span>
          <br />
          <span>
            cell morphogenesis
             
            (
            IMP
            )
          </span>
          <br />
        </td>
      </tr>
      <tr
        className="MuiTableRow-root-35"
      >
        <th
          aria-sort={null}
          className="MuiTableCell-root-40 MuiTableCell-body-42 GoaPanel-tableLeftData-3"
          scope="row"
        >
          Cellular Component
        </th>
        <td
          aria-sort={null}
          className="MuiTableCell-root-40 MuiTableCell-body-42 GoaPanel-tableRightData-4"
          scope={undefined}
        >
          <span>
            cell cortex
             
            (
            IDA
            )
          </span>
          <br />
          <span>
            actin cytoskeleton
             
            (
            IDA
            )
          </span>
          <br />
        </td>
      </tr>
    </tbody>
  </table>
</div>
`;
